
['kvcache_scatter_copy', 'li_manage', 'li_manage_out', 'name', 'sparse_and_tail_attention', 'sparse_and_tail_attention_and_scatter_copy']

